../Core/Src/main.c:122:6:PlayNote	72	static
../Core/Src/main.c:184:6:PlayMusic	16	static
../Core/Src/main.c:200:6:HAL_TIM_PeriodElapsedCallback	16	static
../Core/Src/main.c:215:5:main	8	static
../Core/Src/main.c:263:6:SystemClock_Config	88	static
../Core/Src/main.c:310:13:MX_TIM1_Init	96	static
../Core/Src/main.c:385:13:MX_TIM3_Init	64	static
../Core/Src/main.c:444:13:MX_USART2_UART_Init	8	static
../Core/Src/main.c:477:13:MX_GPIO_Init	48	static
../Core/Src/main.c:517:6:Error_Handler	4	static,ignoring_inline_asm
