Archive member included to satisfy reference by file (symbol)

C:/ST/STM32CubeIDE_1.16.0/STM32CubeIDE/plugins/com.st.stm32cube.ide.mcu.externaltools.gnu-tools-for-stm32.12.3.rel1.win32_1.0.200.202406191623/tools/bin/../lib/gcc/arm-none-eabi/12.3.1/../../../../arm-none-eabi/lib/thumb/v7e-m+fp/hard\libc_nano.a(libc_a-exit.o)
                              C:/ST/STM32CubeIDE_1.16.0/STM32CubeIDE/plugins/com.st.stm32cube.ide.mcu.externaltools.gnu-tools-for-stm32.12.3.rel1.win32_1.0.200.202406191623/tools/bin/../lib/gcc/arm-none-eabi/12.3.1/../../../../arm-none-eabi/lib/thumb/v7e-m+fp/hard/crt0.o (exit)
C:/ST/STM32CubeIDE_1.16.0/STM32CubeIDE/plugins/com.st.stm32cube.ide.mcu.externaltools.gnu-tools-for-stm32.12.3.rel1.win32_1.0.200.202406191623/tools/bin/../lib/gcc/arm-none-eabi/12.3.1/../../../../arm-none-eabi/lib/thumb/v7e-m+fp/hard\libc_nano.a(libc_a-findfp.o)
                              C:/ST/STM32CubeIDE_1.16.0/STM32CubeIDE/plugins/com.st.stm32cube.ide.mcu.externaltools.gnu-tools-for-stm32.12.3.rel1.win32_1.0.200.202406191623/tools/bin/../lib/gcc/arm-none-eabi/12.3.1/../../../../arm-none-eabi/lib/thumb/v7e-m+fp/hard\libc_nano.a(libc_a-exit.o) (__stdio_exit_handler)
C:/ST/STM32CubeIDE_1.16.0/STM32CubeIDE/plugins/com.st.stm32cube.ide.mcu.externaltools.gnu-tools-for-stm32.12.3.rel1.win32_1.0.200.202406191623/tools/bin/../lib/gcc/arm-none-eabi/12.3.1/../../../../arm-none-eabi/lib/thumb/v7e-m+fp/hard\libc_nano.a(libc_a-fwalk.o)
                              C:/ST/STM32CubeIDE_1.16.0/STM32CubeIDE/plugins/com.st.stm32cube.ide.mcu.externaltools.gnu-tools-for-stm32.12.3.rel1.win32_1.0.200.202406191623/tools/bin/../lib/gcc/arm-none-eabi/12.3.1/../../../../arm-none-eabi/lib/thumb/v7e-m+fp/hard\libc_nano.a(libc_a-findfp.o) (_fwalk_sglue)
C:/ST/STM32CubeIDE_1.16.0/STM32CubeIDE/plugins/com.st.stm32cube.ide.mcu.externaltools.gnu-tools-for-stm32.12.3.rel1.win32_1.0.200.202406191623/tools/bin/../lib/gcc/arm-none-eabi/12.3.1/../../../../arm-none-eabi/lib/thumb/v7e-m+fp/hard\libc_nano.a(libc_a-stdio.o)
                              C:/ST/STM32CubeIDE_1.16.0/STM32CubeIDE/plugins/com.st.stm32cube.ide.mcu.externaltools.gnu-tools-for-stm32.12.3.rel1.win32_1.0.200.202406191623/tools/bin/../lib/gcc/arm-none-eabi/12.3.1/../../../../arm-none-eabi/lib/thumb/v7e-m+fp/hard\libc_nano.a(libc_a-findfp.o) (__sread)
C:/ST/STM32CubeIDE_1.16.0/STM32CubeIDE/plugins/com.st.stm32cube.ide.mcu.externaltools.gnu-tools-for-stm32.12.3.rel1.win32_1.0.200.202406191623/tools/bin/../lib/gcc/arm-none-eabi/12.3.1/../../../../arm-none-eabi/lib/thumb/v7e-m+fp/hard\libc_nano.a(libc_a-memset.o)
                              C:/ST/STM32CubeIDE_1.16.0/STM32CubeIDE/plugins/com.st.stm32cube.ide.mcu.externaltools.gnu-tools-for-stm32.12.3.rel1.win32_1.0.200.202406191623/tools/bin/../lib/gcc/arm-none-eabi/12.3.1/../../../../arm-none-eabi/lib/thumb/v7e-m+fp/hard/crt0.o (memset)
C:/ST/STM32CubeIDE_1.16.0/STM32CubeIDE/plugins/com.st.stm32cube.ide.mcu.externaltools.gnu-tools-for-stm32.12.3.rel1.win32_1.0.200.202406191623/tools/bin/../lib/gcc/arm-none-eabi/12.3.1/../../../../arm-none-eabi/lib/thumb/v7e-m+fp/hard\libc_nano.a(libc_a-closer.o)
                              C:/ST/STM32CubeIDE_1.16.0/STM32CubeIDE/plugins/com.st.stm32cube.ide.mcu.externaltools.gnu-tools-for-stm32.12.3.rel1.win32_1.0.200.202406191623/tools/bin/../lib/gcc/arm-none-eabi/12.3.1/../../../../arm-none-eabi/lib/thumb/v7e-m+fp/hard\libc_nano.a(libc_a-stdio.o) (_close_r)
C:/ST/STM32CubeIDE_1.16.0/STM32CubeIDE/plugins/com.st.stm32cube.ide.mcu.externaltools.gnu-tools-for-stm32.12.3.rel1.win32_1.0.200.202406191623/tools/bin/../lib/gcc/arm-none-eabi/12.3.1/../../../../arm-none-eabi/lib/thumb/v7e-m+fp/hard\libc_nano.a(libc_a-reent.o)
                              C:/ST/STM32CubeIDE_1.16.0/STM32CubeIDE/plugins/com.st.stm32cube.ide.mcu.externaltools.gnu-tools-for-stm32.12.3.rel1.win32_1.0.200.202406191623/tools/bin/../lib/gcc/arm-none-eabi/12.3.1/../../../../arm-none-eabi/lib/thumb/v7e-m+fp/hard\libc_nano.a(libc_a-closer.o) (errno)
C:/ST/STM32CubeIDE_1.16.0/STM32CubeIDE/plugins/com.st.stm32cube.ide.mcu.externaltools.gnu-tools-for-stm32.12.3.rel1.win32_1.0.200.202406191623/tools/bin/../lib/gcc/arm-none-eabi/12.3.1/../../../../arm-none-eabi/lib/thumb/v7e-m+fp/hard\libc_nano.a(libc_a-impure.o)
                              C:/ST/STM32CubeIDE_1.16.0/STM32CubeIDE/plugins/com.st.stm32cube.ide.mcu.externaltools.gnu-tools-for-stm32.12.3.rel1.win32_1.0.200.202406191623/tools/bin/../lib/gcc/arm-none-eabi/12.3.1/../../../../arm-none-eabi/lib/thumb/v7e-m+fp/hard\libc_nano.a(libc_a-reent.o) (_impure_ptr)
C:/ST/STM32CubeIDE_1.16.0/STM32CubeIDE/plugins/com.st.stm32cube.ide.mcu.externaltools.gnu-tools-for-stm32.12.3.rel1.win32_1.0.200.202406191623/tools/bin/../lib/gcc/arm-none-eabi/12.3.1/../../../../arm-none-eabi/lib/thumb/v7e-m+fp/hard\libc_nano.a(libc_a-lseekr.o)
[...]
Memory Configuration

Name             Origin             Length             Attributes
RAM              0x20000000         0x00018000         xrw
FLASH            0x08000000         0x00080000         xr
*default*        0x00000000         0xffffffff

Linker script and memory map

LOAD C:/ST/STM32CubeIDE_1.16.0/STM32CubeIDE/plugins/com.st.stm32cube.ide.mcu.externaltools.gnu-tools-for-stm32.12.3.rel1.win32_1.0.200.202406191623/tools/bin/../lib/gcc/arm-none-eabi/12.3.1/thumb/v7e-m+fp/hard/crti.o
LOAD C:/ST/STM32CubeIDE_1.16.0/STM32CubeIDE/plugins/com.st.stm32cube.ide.mcu.externaltools.gnu-tools-for-stm32.12.3.rel1.win32_1.0.200.202406191623/tools/bin/../lib/gcc/arm-none-eabi/12.3.1/thumb/v7e-m+fp/hard/crtbegin.o
LOAD C:/ST/STM32CubeIDE_1.16.0/STM32CubeIDE/plugins/com.st.stm32cube.ide.mcu.externaltools.gnu-tools-for-stm32.12.3.rel1.win32_1.0.200.202406191623/tools/bin/../lib/gcc/arm-none-eabi/12.3.1/../../../../arm-none-eabi/lib/thumb/v7e-m+fp/hard/crt0.o
LOAD ./Core/Src/main.o
LOAD ./Core/Src/stm32f4xx_hal_msp.o
LOAD ./Core/Src/stm32f4xx_it.o
LOAD ./Core/Src/syscalls.o
LOAD ./Core/Src/sysmem.o
LOAD ./Core/Src/system_stm32f4xx.o
LOAD ./Core/Startup/startup_stm32f401retx.o
LOAD ./Drivers/STM32F4xx_HAL_Driver/Src/stm32f4xx_hal.o
LOAD ./Drivers/STM32F4xx_HAL_Driver/Src/stm32f4xx_hal_cortex.o
LOAD ./Drivers/STM32F4xx_HAL_Driver/Src/stm32f4xx_hal_dma.o
LOAD ./Drivers/STM32F4xx_HAL_Driver/Src/stm32f4xx_hal_dma_ex.o
LOAD ./Drivers/STM32F4xx_HAL_Driver/Src/stm32f4xx_hal_exti.o
LOAD ./Drivers/STM32F4xx_HAL_Driver/Src/stm32f4xx_hal_flash.o
LOAD ./Drivers/STM32F4xx_HAL_Driver/Src/stm32f4xx_hal_flash_ex.o
LOAD ./Drivers/STM32F4xx_HAL_Driver/Src/stm32f4xx_hal_flash_ramfunc.o
LOAD ./Drivers/STM32F4xx_HAL_Driver/Src/stm32f4xx_hal_gpio.o
LOAD ./Drivers/STM32F4xx_HAL_Driver/Src/stm32f4xx_hal_pwr.o
LOAD ./Drivers/STM32F4xx_HAL_Driver/Src/stm32f4xx_hal_pwr_ex.o
LOAD ./Drivers/STM32F4xx_HAL_Driver/Src/stm32f4xx_hal_rcc.o
LOAD ./Drivers/STM32F4xx_HAL_Driver/Src/stm32f4xx_hal_rcc_ex.o
LOAD ./Drivers/STM32F4xx_HAL_Driver/Src/stm32f4xx_hal_spi.o
LOAD ./Drivers/STM32F4xx_HAL_Driver/Src/stm32f4xx_hal_tim.o
LOAD ./Drivers/STM32F4xx_HAL_Driver/Src/stm32f4xx_hal_tim_ex.o
LOAD ./Drivers/STM32F4xx_HAL_Driver/Src/stm32f4xx_hal_uart.o
START GROUP
LOAD C:/ST/STM32CubeIDE_1.16.0/STM32CubeIDE/plugins/com.st.stm32cube.ide.mcu.externaltools.gnu-tools-for-stm32.12.3.rel1.win32_1.0.200.202406191623/tools/bin/../lib/gcc/arm-none-eabi/12.3.1/../../../../arm-none-eabi/lib/thumb/v7e-m+fp/hard\libc_nano.a
LOAD C:/ST/STM32CubeIDE_1.16.0/STM32CubeIDE/plugins/com.st.stm32cube.ide.mcu.externaltools.gnu-tools-for-stm32.12.3.rel1.win32_1.0.200.202406191623/tools/bin/../lib/gcc/arm-none-eabi/12.3.1/../../../../arm-none-eabi/lib/thumb/v7e-m+fp/hard\libm.a
END GROUP
START GROUP
LOAD C:/ST/STM32CubeIDE_1.16.0/STM32CubeIDE/plugins/com.st.stm32cube.ide.mcu.externaltools.gnu-tools-for-stm32.12.3.rel1.win32_1.0.200.202406191623/tools/bin/../lib/gcc/arm-none-eabi/12.3.1/thumb/v7e-m+fp/hard\libgcc.a
LOAD C:/ST/STM32CubeIDE_1.16.0/STM32CubeIDE/plugins/com.st.stm32cube.ide.mcu.externaltools.gnu-tools-for-stm32.12.3.rel1.win32_1.0.200.202406191623/tools/bin/../lib/gcc/arm-none-eabi/12.3.1/../../../../arm-none-eabi/lib/thumb/v7e-m+fp/hard\libc_nano.a
END GROUP
START GROUP
LOAD C:/ST/STM32CubeIDE_1.16.0/STM32CubeIDE/plugins/com.st.stm32cube.ide.mcu.externaltools.gnu-tools-for-stm32.12.3.rel1.win32_1.0.200.202406191623/tools/bin/../lib/gcc/arm-none-eabi/12.3.1/thumb/v7e-m+fp/hard\libgcc.a
LOAD C:/ST/STM32CubeIDE_1.16.0/STM32CubeIDE/plugins/com.st.stm32cube.ide.mcu.externaltools.gnu-tools-for-stm32.12.3.rel1.win32_1.0.200.202406191623/tools/bin/../lib/gcc/arm-none-eabi/12.3.1/../../../../arm-none-eabi/lib/thumb/v7e-m+fp/hard\libc_nano.a
LOAD C:/ST/STM32CubeIDE_1.16.0/STM32CubeIDE/plugins/com.st.stm32cube.ide.mcu.externaltools.gnu-tools-for-stm32.12.3.rel1.win32_1.0.200.202406191623/tools/bin/../lib/gcc/arm-none-eabi/12.3.1/../../../../arm-none-eabi/lib/thumb/v7e-m+fp/hard\libnosys.a
END GROUP
START GROUP
LOAD C:/ST/STM32CubeIDE_1.16.0/STM32CubeIDE/plugins/com.st.stm32cube.ide.mcu.externaltools.gnu-tools-for-stm32.12.3.rel1.win32_1.0.200.202406191623/tools/bin/../lib/gcc/arm-none-eabi/12.3.1/thumb/v7e-m+fp/hard\libgcc.a
LOAD C:/ST/STM32CubeIDE_1.16.0/STM32CubeIDE/plugins/com.st.stm32cube.ide.mcu.externaltools.gnu-tools-for-stm32.12.3.rel1.win32_1.0.200.202406191623/tools/bin/../lib/gcc/arm-none-eabi/12.3.1/../../../../arm-none-eabi/lib/thumb/v7e-m+fp/hard\libc_nano.a
LOAD C:/ST/STM32CubeIDE_1.16.0/STM32CubeIDE/plugins/com.st.stm32cube.ide.mcu.externaltools.gnu-tools-for-stm32.12.3.rel1.win32_1.0.200.202406191623/tools/bin/../lib/gcc/arm-none-eabi/12.3.1/../../../../arm-none-eabi/lib/thumb/v7e-m+fp/hard\libnosys.a
END GROUP
LOAD C:/ST/STM32CubeIDE_1.16.0/STM32CubeIDE/plugins/com.st.stm32cube.ide.mcu.externaltools.gnu-tools-for-stm32.12.3.rel1.win32_1.0.200.202406191623/tools/bin/../lib/gcc/arm-none-eabi/12.3.1/thumb/v7e-m+fp/hard/crtend.o
LOAD C:/ST/STM32CubeIDE_1.16.0/STM32CubeIDE/plugins/com.st.stm32cube.ide.mcu.externaltools.gnu-tools-for-stm32.12.3.rel1.win32_1.0.200.202406191623/tools/bin/../lib/gcc/arm-none-eabi/12.3.1/thumb/v7e-m+fp/hard/crtn.o
                0x20018000                        _estack = (ORIGIN (RAM) + LENGTH (RAM))
                0x00000200                        _Min_Heap_Size = 0x200
                0x00000400                        _Min_Stack_Size = 0x400

.isr_vector     0x08000000      0x194
                0x08000000                        . = ALIGN (0x4)
 *(.isr_vector)
 .isr_vector    0x08000000      0x194 ./Core/Startup/startup_stm32f401retx.o
                0x08000000                g_pfnVectors
                0x08000194                        . = ALIGN (0x4)

.text           0x08000194     0x387c
                0x08000194                        . = ALIGN (0x4)
 *(.text)
 .text          0x08000194       0x40 C:/ST/STM32CubeIDE_1.16.0/STM32CubeIDE/plugins/com.st.stm32cube.ide.mcu.externaltools.gnu-tools-for-stm32.12.3.rel1.win32_1.0.200.202406191623/tools/bin/../lib/gcc/arm-none-eabi/12.3.1/thumb/v7e-m+fp/hard/crtbegin.o
 .text          0x080001d4       0x30 C:/ST/STM32CubeIDE_1.16.0/STM32CubeIDE/plugins/com.st.stm32cube.ide.mcu.externaltools.gnu-tools-for-stm32.12.3.rel1.win32_1.0.200.202406191623/tools/bin/../lib/gcc/arm-none-eabi/12.3.1/thumb/v7e-m+fp/hard\libgcc.a(_aeabi_uldivmod.o)
                0x080001d4                __aeabi_uldivmod
 .text          0x08000204      0x2bc C:/ST/STM32CubeIDE_1.16.0/STM32CubeIDE/plugins/com.st.stm32cube.ide.mcu.externaltools.gnu-tools-for-stm32.12.3.rel1.win32_1.0.200.202406191623/tools/bin/../lib/gcc/arm-none-eabi/12.3.1/thumb/v7e-m+fp/hard\libgcc.a(_udivmoddi4.o)
                0x08000204                __udivmoddi4
 .text          0x080004c0        0x4 C:/ST/STM32CubeIDE_1.16.0/STM32CubeIDE/plugins/com.st.stm32cube.ide.mcu.externaltools.gnu-tools-for-stm32.12.3.rel1.win32_1.0.200.202406191623/tools/bin/../lib/gcc/arm-none-eabi/12.3.1/thumb/v7e-m+fp/hard\libgcc.a(_dvmd_tls.o)
                0x080004c0                __aeabi_idiv0
                0x080004c0                __aeabi_ldiv0
 *(.text*)
 .text.ChangeLetter
                0x080004c4       0x4c ./Core/Src/main.o
                0x080004c4                ChangeLetter
 .text.HAL_TIM_PeriodElapsedCallback
                0x08000510       0x84 ./Core/Src/main.o
                0x08000510                HAL_TIM_PeriodElapsedCallback
 .text.main     0x08000594       0x64 ./Core/Src/main.o
                0x08000594                main
 .text.SystemClock_Config
                0x080005f8       0xd8 ./Core/Src/main.o
                0x080005f8                SystemClock_Config
 .text.MX_SPI1_Init
                0x080006d0       0x6c ./Core/Src/main.o
 .text.MX_TIM1_Init
                0x0800073c       0xa0 ./Core/Src/main.o
 .text.MX_TIM3_Init
                0x080007dc       0x9c ./Core/Src/main.o
 .text.MX_USART2_UART_Init
                0x08000878       0x54 ./Core/Src/main.o
 .text.MX_DMA_Init
                0x080008cc       0x40 ./Core/Src/main.o
 .text.MX_GPIO_Init
                0x0800090c       0xdc ./Core/Src/main.o
 .text.Error_Handler
                0x080009e8        0xc ./Core/Src/main.o
                0x080009e8                Error_Handler
 .text.HAL_MspInit
                0x080009f4       0x50 ./Core/Src/stm32f4xx_hal_msp.o
                0x080009f4                HAL_MspInit
 .text.HAL_SPI_MspInit
                0x08000a44      0x104 ./Core/Src/stm32f4xx_hal_msp.o
                0x08000a44                HAL_SPI_MspInit
 .text.HAL_TIM_Base_MspInit
                0x08000b48       0x8c ./Core/Src/stm32f4xx_hal_msp.o
                0x08000b48                HAL_TIM_Base_MspInit
 .text.HAL_UART_MspInit
                0x08000bd4       0x90 ./Core/Src/stm32f4xx_hal_msp.o
                0x08000bd4                HAL_UART_MspInit
 .text.NMI_Handler
                0x08000c64        0x8 ./Core/Src/stm32f4xx_it.o
                0x08000c64                NMI_Handler
 .text.HardFault_Handler
                0x08000c6c        0x8 ./Core/Src/stm32f4xx_it.o
                0x08000c6c                HardFault_Handler
 .text.MemManage_Handler
                0x08000c74        0x8 ./Core/Src/stm32f4xx_it.o
                0x08000c74                MemManage_Handler
 .text.BusFault_Handler
                0x08000c7c        0x8 ./Core/Src/stm32f4xx_it.o
                0x08000c7c                BusFault_Handler
 .text.UsageFault_Handler
                0x08000c84        0x8 ./Core/Src/stm32f4xx_it.o
                0x08000c84                UsageFault_Handler
 .text.SVC_Handler
                0x08000c8c        0xe ./Core/Src/stm32f4xx_it.o
                0x08000c8c                SVC_Handler
 .text.DebugMon_Handler
                0x08000c9a        0xe ./Core/Src/stm32f4xx_it.o
                0x08000c9a                DebugMon_Handler
 .text.PendSV_Handler
                0x08000ca8        0xe ./Core/Src/stm32f4xx_it.o
                0x08000ca8                PendSV_Handler
 .text.SysTick_Handler
                0x08000cb6        0xc ./Core/Src/stm32f4xx_it.o
                0x08000cb6                SysTick_Handler
 *fill*         0x08000cc2        0x2 
 .text.TIM1_UP_TIM10_IRQHandler
                0x08000cc4       0x14 ./Core/Src/stm32f4xx_it.o
                0x08000cc4                TIM1_UP_TIM10_IRQHandler
 .text.TIM3_IRQHandler
                0x08000cd8       0x14 ./Core/Src/stm32f4xx_it.o
                0x08000cd8                TIM3_IRQHandler
 .text.SPI1_IRQHandler
                0x08000cec       0x14 ./Core/Src/stm32f4xx_it.o
                0x08000cec                SPI1_IRQHandler
 .text.DMA2_Stream3_IRQHandler
                0x08000d00       0x14 ./Core/Src/stm32f4xx_it.o
                0x08000d00                DMA2_Stream3_IRQHandler
 .text.SystemInit
                0x08000d14       0x24 ./Core/Src/system_stm32f4xx.o
                0x08000d14                SystemInit
 .text.Reset_Handler
                0x08000d38       0x50 ./Core/Startup/startup_stm32f401retx.o
                0x08000d38                Reset_Handler
 .text.Default_Handler
                0x08000d88        0x2 ./Core/Startup/startup_stm32f401retx.o
                0x08000d88                RTC_Alarm_IRQHandler
                0x08000d88                EXTI2_IRQHandler
                0x08000d88                SPI4_IRQHandler
                0x08000d88                TIM1_CC_IRQHandler
                0x08000d88                DMA2_Stream5_IRQHandler
                0x08000d88                DMA1_Stream5_IRQHandler
                0x08000d88                PVD_IRQHandler
                0x08000d88                SDIO_IRQHandler
                0x08000d88                TAMP_STAMP_IRQHandler
                0x08000d88                EXTI3_IRQHandler
                0x08000d88                I2C3_ER_IRQHandler
                0x08000d88                EXTI0_IRQHandler
                0x08000d88                I2C2_EV_IRQHandler
                0x08000d88                DMA1_Stream2_IRQHandler
                0x08000d88                FPU_IRQHandler
                0x08000d88                DMA2_Stream2_IRQHandler
                0x08000d88                TIM1_BRK_TIM9_IRQHandler
                0x08000d88                USART6_IRQHandler
                0x08000d88                DMA2_Stream0_IRQHandler
                0x08000d88                TIM4_IRQHandler
                0x08000d88                I2C1_EV_IRQHandler
                0x08000d88                DMA1_Stream6_IRQHandler
                0x08000d88                DMA1_Stream1_IRQHandler
                0x08000d88                RCC_IRQHandler
                0x08000d88                Default_Handler
                0x08000d88                EXTI15_10_IRQHandler
                0x08000d88                ADC_IRQHandler
                0x08000d88                DMA1_Stream7_IRQHandler
                0x08000d88                TIM5_IRQHandler
                0x08000d88                DMA2_Stream7_IRQHandler
                0x08000d88                I2C3_EV_IRQHandler
                0x08000d88                EXTI9_5_IRQHandler
                0x08000d88                RTC_WKUP_IRQHandler
                0x08000d88                SPI2_IRQHandler
                0x08000d88                DMA1_Stream0_IRQHandler
                0x08000d88                EXTI4_IRQHandler
                0x08000d88                WWDG_IRQHandler
                0x08000d88                TIM2_IRQHandler
                0x08000d88                OTG_FS_WKUP_IRQHandler
                0x08000d88                TIM1_TRG_COM_TIM11_IRQHandler
                0x08000d88                EXTI1_IRQHandler
                0x08000d88                USART2_IRQHandler
                0x08000d88                I2C2_ER_IRQHandler
                0x08000d88                DMA2_Stream1_IRQHandler
                0x08000d88                FLASH_IRQHandler
                0x08000d88                DMA2_Stream4_IRQHandler
                0x08000d88                USART1_IRQHandler
                0x08000d88                OTG_FS_IRQHandler
                0x08000d88                SPI3_IRQHandler
                0x08000d88                DMA1_Stream4_IRQHandler
                0x08000d88                I2C1_ER_IRQHandler
                0x08000d88                DMA2_Stream6_IRQHandler
                0x08000d88                DMA1_Stream3_IRQHandler
 *fill*         0x08000d8a        0x2 
 .text.HAL_Init
                0x08000d8c       0x44 ./Drivers/STM32F4xx_HAL_Driver/Src/stm32f4xx_hal.o
                0x08000d8c                HAL_Init
 .text.HAL_InitTick
                0x08000dd0       0x60 ./Drivers/STM32F4xx_HAL_Driver/Src/stm32f4xx_hal.o
                0x08000dd0                HAL_InitTick
 .text.HAL_IncTick
                0x08000e30       0x28 ./Drivers/STM32F4xx_HAL_Driver/Src/stm32f4xx_hal.o
                0x08000e30                HAL_IncTick
 .text.HAL_GetTick
                0x08000e58       0x18 ./Drivers/STM32F4xx_HAL_Driver/Src/stm32f4xx_hal.o
                0x08000e58                HAL_GetTick
 .text.__NVIC_SetPriorityGrouping
                0x08000e70       0x48 ./Drivers/STM32F4xx_HAL_Driver/Src/stm32f4xx_hal_cortex.o
 .text.__NVIC_GetPriorityGrouping
                0x08000eb8       0x1c ./Drivers/STM32F4xx_HAL_Driver/Src/stm32f4xx_hal_cortex.o
 .text.__NVIC_EnableIRQ
                0x08000ed4       0x3c ./Drivers/STM32F4xx_HAL_Driver/Src/stm32f4xx_hal_cortex.o
 .text.__NVIC_SetPriority
                0x08000f10       0x54 ./Drivers/STM32F4xx_HAL_Driver/Src/stm32f4xx_hal_cortex.o
 .text.NVIC_EncodePriority
                0x08000f64       0x66 ./Drivers/STM32F4xx_HAL_Driver/Src/stm32f4xx_hal_cortex.o
 *fill*         0x08000fca        0x2 
 .text.SysTick_Config
                0x08000fcc       0x44 ./Drivers/STM32F4xx_HAL_Driver/Src/stm32f4xx_hal_cortex.o
 .text.HAL_NVIC_SetPriorityGrouping
                0x08001010       0x16 ./Drivers/STM32F4xx_HAL_Driver/Src/stm32f4xx_hal_cortex.o
                0x08001010                HAL_NVIC_SetPriorityGrouping
 .text.HAL_NVIC_SetPriority
                0x08001026       0x38 ./Drivers/STM32F4xx_HAL_Driver/Src/stm32f4xx_hal_cortex.o
                0x08001026                HAL_NVIC_SetPriority
 .text.HAL_NVIC_EnableIRQ
                0x0800105e       0x1c ./Drivers/STM32F4xx_HAL_Driver/Src/stm32f4xx_hal_cortex.o
                0x0800105e                HAL_NVIC_EnableIRQ
 .text.HAL_SYSTICK_Config
                0x0800107a       0x18 ./Drivers/STM32F4xx_HAL_Driver/Src/stm32f4xx_hal_cortex.o
                0x0800107a                HAL_SYSTICK_Config
 *fill*         0x08001092        0x2 
 .text.HAL_DMA_Init
                0x08001094      0x15c ./Drivers/STM32F4xx_HAL_Driver/Src/stm32f4xx_hal_dma.o
                0x08001094                HAL_DMA_Init
 .text.HAL_DMA_Start_IT
                0x080011f0       0xb0 ./Drivers/STM32F4xx_HAL_Driver/Src/stm32f4xx_hal_dma.o
                0x080011f0                HAL_DMA_Start_IT
 .text.HAL_DMA_Abort_IT
                0x080012a0       0x44 ./Drivers/STM32F4xx_HAL_Driver/Src/stm32f4xx_hal_dma.o
                0x080012a0                HAL_DMA_Abort_IT
 .text.HAL_DMA_IRQHandler
                0x080012e4      0x314 ./Drivers/STM32F4xx_HAL_Driver/Src/stm32f4xx_hal_dma.o
                0x080012e4                HAL_DMA_IRQHandler
 .text.DMA_SetConfig
                0x080015f8       0x5c ./Drivers/STM32F4xx_HAL_Driver/Src/stm32f4xx_hal_dma.o
 .text.DMA_CalcBaseAndBitshift
                0x08001654       0x6c ./Drivers/STM32F4xx_HAL_Driver/Src/stm32f4xx_hal_dma.o
 .text.DMA_CheckFifoParam
                0x080016c0       0xf8 ./Drivers/STM32F4xx_HAL_Driver/Src/stm32f4xx_hal_dma.o
 .text.HAL_GPIO_Init
                0x080017b8      0x308 ./Drivers/STM32F4xx_HAL_Driver/Src/stm32f4xx_hal_gpio.o
                0x080017b8                HAL_GPIO_Init
 .text.HAL_GPIO_WritePin
                0x08001ac0       0x32 ./Drivers/STM32F4xx_HAL_Driver/Src/stm32f4xx_hal_gpio.o
                0x08001ac0                HAL_GPIO_WritePin
 *fill*         0x08001af2        0x2 
 .text.HAL_RCC_OscConfig
                0x08001af4      0x4f0 ./Drivers/STM32F4xx_HAL_Driver/Src/stm32f4xx_hal_rcc.o
                0x08001af4                HAL_RCC_OscConfig
 .text.HAL_RCC_ClockConfig
                0x08001fe4      0x1cc ./Drivers/STM32F4xx_HAL_Driver/Src/stm32f4xx_hal_rcc.o
                0x08001fe4                HAL_RCC_ClockConfig
 .text.HAL_RCC_GetSysClockFreq
                0x080021b0      0x20c ./Drivers/STM32F4xx_HAL_Driver/Src/stm32f4xx_hal_rcc.o
                0x080021b0                HAL_RCC_GetSysClockFreq
 .text.HAL_RCC_GetHCLKFreq
                0x080023bc       0x18 ./Drivers/STM32F4xx_HAL_Driver/Src/stm32f4xx_hal_rcc.o
                0x080023bc                HAL_RCC_GetHCLKFreq
 .text.HAL_RCC_GetPCLK1Freq
                0x080023d4       0x28 ./Drivers/STM32F4xx_HAL_Driver/Src/stm32f4xx_hal_rcc.o
                0x080023d4                HAL_RCC_GetPCLK1Freq
 .text.HAL_RCC_GetPCLK2Freq
                0x080023fc       0x28 ./Drivers/STM32F4xx_HAL_Driver/Src/stm32f4xx_hal_rcc.o
                0x080023fc                HAL_RCC_GetPCLK2Freq
 .text.HAL_SPI_Init
                0x08002424      0x112 ./Drivers/STM32F4xx_HAL_Driver/Src/stm32f4xx_hal_spi.o
                0x08002424                HAL_SPI_Init
 *fill*         0x08002536        0x2 
 .text.HAL_SPI_Transmit_DMA
                0x08002538      0x164 ./Drivers/STM32F4xx_HAL_Driver/Src/stm32f4xx_hal_spi.o
                0x08002538                HAL_SPI_Transmit_DMA
 .text.HAL_SPI_IRQHandler
                0x0800269c      0x1e8 ./Drivers/STM32F4xx_HAL_Driver/Src/stm32f4xx_hal_spi.o
                0x0800269c                HAL_SPI_IRQHandler
 .text.HAL_SPI_TxCpltCallback
                0x08002884       0x14 ./Drivers/STM32F4xx_HAL_Driver/Src/stm32f4xx_hal_spi.o
                0x08002884                HAL_SPI_TxCpltCallback
 .text.HAL_SPI_TxHalfCpltCallback
                0x08002898       0x14 ./Drivers/STM32F4xx_HAL_Driver/Src/stm32f4xx_hal_spi.o
                0x08002898                HAL_SPI_TxHalfCpltCallback
 .text.HAL_SPI_ErrorCallback
                0x080028ac       0x14 ./Drivers/STM32F4xx_HAL_Driver/Src/stm32f4xx_hal_spi.o
                0x080028ac                HAL_SPI_ErrorCallback
 .text.SPI_DMATransmitCplt
                0x080028c0       0xa8 ./Drivers/STM32F4xx_HAL_Driver/Src/stm32f4xx_hal_spi.o
 .text.SPI_DMAHalfTransmitCplt
                0x08002968       0x1c ./Drivers/STM32F4xx_HAL_Driver/Src/stm32f4xx_hal_spi.o
 .text.SPI_DMAError
                0x08002984       0x40 ./Drivers/STM32F4xx_HAL_Driver/Src/stm32f4xx_hal_spi.o
 .text.SPI_DMAAbortOnError
                0x080029c4       0x28 ./Drivers/STM32F4xx_HAL_Driver/Src/stm32f4xx_hal_spi.o
 .text.SPI_WaitFlagStateUntilTimeout
                0x080029ec      0x110 ./Drivers/STM32F4xx_HAL_Driver/Src/stm32f4xx_hal_spi.o
 .text.SPI_EndRxTxTransaction
                0x08002afc       0xa8 ./Drivers/STM32F4xx_HAL_Driver/Src/stm32f4xx_hal_spi.o
 .text.HAL_TIM_Base_Init
                0x08002ba4       0x9e ./Drivers/STM32F4xx_HAL_Driver/Src/stm32f4xx_hal_tim.o
                0x08002ba4                HAL_TIM_Base_Init
 *fill*         0x08002c42        0x2 
 .text.HAL_TIM_Base_Start_IT
                0x08002c44       0xc4 ./Drivers/STM32F4xx_HAL_Driver/Src/stm32f4xx_hal_tim.o
                0x08002c44                HAL_TIM_Base_Start_IT
 .text.HAL_TIM_IRQHandler
                0x08002d08      0x1e0 ./Drivers/STM32F4xx_HAL_Driver/Src/stm32f4xx_hal_tim.o
                0x08002d08                HAL_TIM_IRQHandler
 .text.HAL_TIM_ConfigClockSource
                0x08002ee8      0x18e ./Drivers/STM32F4xx_HAL_Driver/Src/stm32f4xx_hal_tim.o
                0x08002ee8                HAL_TIM_ConfigClockSource
 .text.HAL_TIM_OC_DelayElapsedCallback
                0x08003076       0x14 ./Drivers/STM32F4xx_HAL_Driver/Src/stm32f4xx_hal_tim.o
                0x08003076                HAL_TIM_OC_DelayElapsedCallback
 .text.HAL_TIM_IC_CaptureCallback
                0x0800308a       0x14 ./Drivers/STM32F4xx_HAL_Driver/Src/stm32f4xx_hal_tim.o
                0x0800308a                HAL_TIM_IC_CaptureCallback
 .text.HAL_TIM_PWM_PulseFinishedCallback
                0x0800309e       0x14 ./Drivers/STM32F4xx_HAL_Driver/Src/stm32f4xx_hal_tim.o
                0x0800309e                HAL_TIM_PWM_PulseFinishedCallback
 .text.HAL_TIM_TriggerCallback
                0x080030b2       0x14 ./Drivers/STM32F4xx_HAL_Driver/Src/stm32f4xx_hal_tim.o
                0x080030b2                HAL_TIM_TriggerCallback
 *fill*         0x080030c6        0x2 
 .text.TIM_Base_SetConfig
                0x080030c8      0x118 ./Drivers/STM32F4xx_HAL_Driver/Src/stm32f4xx_hal_tim.o
                0x080030c8                TIM_Base_SetConfig
 .text.TIM_TI1_ConfigInputStage
                0x080031e0       0x5e ./Drivers/STM32F4xx_HAL_Driver/Src/stm32f4xx_hal_tim.o
 .text.TIM_TI2_ConfigInputStage
                0x0800323e       0x60 ./Drivers/STM32F4xx_HAL_Driver/Src/stm32f4xx_hal_tim.o
 .text.TIM_ITRx_SetConfig
                0x0800329e       0x36 ./Drivers/STM32F4xx_HAL_Driver/Src/stm32f4xx_hal_tim.o
 .text.TIM_ETR_SetConfig
                0x080032d4       0x40 ./Drivers/STM32F4xx_HAL_Driver/Src/stm32f4xx_hal_tim.o
                0x080032d4                TIM_ETR_SetConfig
 .text.HAL_TIMEx_MasterConfigSynchronization
                0x08003314       0xdc ./Drivers/STM32F4xx_HAL_Driver/Src/stm32f4xx_hal_tim_ex.o
                0x08003314                HAL_TIMEx_MasterConfigSynchronization
 .text.HAL_TIMEx_CommutCallback
                0x080033f0       0x14 ./Drivers/STM32F4xx_HAL_Driver/Src/stm32f4xx_hal_tim_ex.o
                0x080033f0                HAL_TIMEx_CommutCallback
 .text.HAL_TIMEx_BreakCallback
                0x08003404       0x14 ./Drivers/STM32F4xx_HAL_Driver/Src/stm32f4xx_hal_tim_ex.o
                0x08003404                HAL_TIMEx_BreakCallback
 .text.HAL_UART_Init
                0x08003418       0xa0 ./Drivers/STM32F4xx_HAL_Driver/Src/stm32f4xx_hal_uart.o
                0x08003418                HAL_UART_Init
 .text.UART_SetConfig
                0x080034b8      0x4e8 ./Drivers/STM32F4xx_HAL_Driver/Src/stm32f4xx_hal_uart.o
 .text.memset   0x080039a0       0x10 C:/ST/STM32CubeIDE_1.16.0/STM32CubeIDE/plugins/com.st.stm32cube.ide.mcu.externaltools.gnu-tools-for-stm32.12.3.rel1.win32_1.0.200.202406191623/tools/bin/../lib/gcc/arm-none-eabi/12.3.1/../../../../arm-none-eabi/lib/thumb/v7e-m+fp/hard\libc_nano.a(libc_a-memset.o)
                0x080039a0                memset
 .text.__libc_init_array
                0x080039b0       0x48 C:/ST/STM32CubeIDE_1.16.0/STM32CubeIDE/plugins/com.st.stm32cube.ide.mcu.externaltools.gnu-tools-for-stm32.12.3.rel1.win32_1.0.200.202406191623/tools/bin/../lib/gcc/arm-none-eabi/12.3.1/../../../../arm-none-eabi/lib/thumb/v7e-m+fp/hard\libc_nano.a(libc_a-init.o)
                0x080039b0                __libc_init_array
 *(.glue_7)
 .glue_7        0x080039f8        0x0 linker stubs
 *(.glue_7t)
 .glue_7t       0x080039f8        0x0 linker stubs
 *(.eh_frame)
 .eh_frame      0x080039f8        0x0 C:/ST/STM32CubeIDE_1.16.0/STM32CubeIDE/plugins/com.st.stm32cube.ide.mcu.externaltools.gnu-tools-for-stm32.12.3.rel1.win32_1.0.200.202406191623/tools/bin/../lib/gcc/arm-none-eabi/12.3.1/thumb/v7e-m+fp/hard/crtbegin.o
 *(.init)
 .init          0x080039f8        0x4 C:/ST/STM32CubeIDE_1.16.0/STM32CubeIDE/plugins/com.st.stm32cube.ide.mcu.externaltools.gnu-tools-for-stm32.12.3.rel1.win32_1.0.200.202406191623/tools/bin/../lib/gcc/arm-none-eabi/12.3.1/thumb/v7e-m+fp/hard/crti.o
                0x080039f8                _init
 .init          0x080039fc        0x8 C:/ST/STM32CubeIDE_1.16.0/STM32CubeIDE/plugins/com.st.stm32cube.ide.mcu.externaltools.gnu-tools-for-stm32.12.3.rel1.win32_1.0.200.202406191623/tools/bin/../lib/gcc/arm-none-eabi/12.3.1/thumb/v7e-m+fp/hard/crtn.o
 *(.fini)
 .fini          0x08003a04        0x4 C:/ST/STM32CubeIDE_1.16.0/STM32CubeIDE/plugins/com.st.stm32cube.ide.mcu.externaltools.gnu-tools-for-stm32.12.3.rel1.win32_1.0.200.202406191623/tools/bin/../lib/gcc/arm-none-eabi/12.3.1/thumb/v7e-m+fp/hard/crti.o
                0x08003a04                _fini
 .fini          0x08003a08        0x8 C:/ST/STM32CubeIDE_1.16.0/STM32CubeIDE/plugins/com.st.stm32cube.ide.mcu.externaltools.gnu-tools-for-stm32.12.3.rel1.win32_1.0.200.202406191623/tools/bin/../lib/gcc/arm-none-eabi/12.3.1/thumb/v7e-m+fp/hard/crtn.o
                0x08003a10                        . = ALIGN (0x4)
                0x08003a10                        _etext = .

.vfp11_veneer   0x08003a10        0x0
 .vfp11_veneer  0x08003a10        0x0 linker stubs

.v4_bx          0x08003a10        0x0
 .v4_bx         0x08003a10        0x0 linker stubs

.iplt           0x08003a10        0x0
 .iplt          0x08003a10        0x0 C:/ST/STM32CubeIDE_1.16.0/STM32CubeIDE/plugins/com.st.stm32cube.ide.mcu.externaltools.gnu-tools-for-stm32.12.3.rel1.win32_1.0.200.202406191623/tools/bin/../lib/gcc/arm-none-eabi/12.3.1/thumb/v7e-m+fp/hard/crtbegin.o

.rodata         0x08003a10       0x20
                0x08003a10                        . = ALIGN (0x4)
 *(.rodata)
 *(.rodata*)
 .rodata.AHBPrescTable
                0x08003a10       0x10 ./Core/Src/system_stm32f4xx.o
                0x08003a10                AHBPrescTable
 .rodata.APBPrescTable
                0x08003a20        0x8 ./Core/Src/system_stm32f4xx.o
                0x08003a20                APBPrescTable
 .rodata.flagBitshiftOffset.0
                0x08003a28        0x8 ./Drivers/STM32F4xx_HAL_Driver/Src/stm32f4xx_hal_dma.o
                0x08003a30                        . = ALIGN (0x4)

.ARM.extab      0x08003a30        0x0
                0x08003a30                        . = ALIGN (0x4)
 *(.ARM.extab* .gnu.linkonce.armextab.*)
                0x08003a30                        . = ALIGN (0x4)

.ARM            0x08003a30        0x8
                0x08003a30                        . = ALIGN (0x4)
                0x08003a30                        __exidx_start = .
 *(.ARM.exidx*)
 .ARM.exidx     0x08003a30        0x8 C:/ST/STM32CubeIDE_1.16.0/STM32CubeIDE/plugins/com.st.stm32cube.ide.mcu.externaltools.gnu-tools-for-stm32.12.3.rel1.win32_1.0.200.202406191623/tools/bin/../lib/gcc/arm-none-eabi/12.3.1/thumb/v7e-m+fp/hard\libgcc.a(_udivmoddi4.o)
                0x08003a38                        __exidx_end = .
                0x08003a38                        . = ALIGN (0x4)

.preinit_array  0x08003a38        0x0
                0x08003a38                        . = ALIGN (0x4)
                0x08003a38                        PROVIDE (__preinit_array_start = .)
 *(.preinit_array*)
                0x08003a38                        PROVIDE (__preinit_array_end = .)
                0x08003a38                        . = ALIGN (0x4)

.init_array     0x08003a38        0x4
                0x08003a38                        . = ALIGN (0x4)
                0x08003a38                        PROVIDE (__init_array_start = .)
 *(SORT_BY_NAME(.init_array.*))
 *(.init_array*)
 .init_array    0x08003a38        0x4 C:/ST/STM32CubeIDE_1.16.0/STM32CubeIDE/plugins/com.st.stm32cube.ide.mcu.externaltools.gnu-tools-for-stm32.12.3.rel1.win32_1.0.200.202406191623/tools/bin/../lib/gcc/arm-none-eabi/12.3.1/thumb/v7e-m+fp/hard/crtbegin.o
                0x08003a3c                        PROVIDE (__init_array_end = .)
                0x08003a3c                        . = ALIGN (0x4)

.fini_array     0x08003a3c        0x4
                0x08003a3c                        . = ALIGN (0x4)
                [!provide]                        PROVIDE (__fini_array_start = .)
 *(SORT_BY_NAME(.fini_array.*))
 *(.fini_array*)
 .fini_array    0x08003a3c        0x4 C:/ST/STM32CubeIDE_1.16.0/STM32CubeIDE/plugins/com.st.stm32cube.ide.mcu.externaltools.gnu-tools-for-stm32.12.3.rel1.win32_1.0.200.202406191623/tools/bin/../lib/gcc/arm-none-eabi/12.3.1/thumb/v7e-m+fp/hard/crtbegin.o
                [!provide]                        PROVIDE (__fini_array_end = .)
                0x08003a40                        . = ALIGN (0x4)
                0x08003a40                        _sidata = LOADADDR (.data)

.rel.dyn        0x08003a40        0x0
 .rel.iplt      0x08003a40        0x0 C:/ST/STM32CubeIDE_1.16.0/STM32CubeIDE/plugins/com.st.stm32cube.ide.mcu.externaltools.gnu-tools-for-stm32.12.3.rel1.win32_1.0.200.202406191623/tools/bin/../lib/gcc/arm-none-eabi/12.3.1/thumb/v7e-m+fp/hard/crtbegin.o

.data           0x20000000       0x2c load address 0x08003a40
                0x20000000                        . = ALIGN (0x4)
                0x20000000                        _sdata = .
 *(.data)
 *(.data*)
 .data.letterA  0x20000000        0xa ./Core/Src/main.o
                0x20000000                letterA
 *fill*         0x2000000a        0x2 
 .data.letterI  0x2000000c        0xa ./Core/Src/main.o
                0x2000000c                letterI
 *fill*         0x20000016        0x2 
 .data.alphabet
                0x20000018        0x8 ./Core/Src/main.o
                0x20000018                alphabet
 .data.SystemCoreClock
                0x20000020        0x4 ./Core/Src/system_stm32f4xx.o
                0x20000020                SystemCoreClock
 .data.uwTickPrio
                0x20000024        0x4 ./Drivers/STM32F4xx_HAL_Driver/Src/stm32f4xx_hal.o
                0x20000024                uwTickPrio
 .data.uwTickFreq
                0x20000028        0x1 ./Drivers/STM32F4xx_HAL_Driver/Src/stm32f4xx_hal.o
                0x20000028                uwTickFreq
 *(.RamFunc)
 *(.RamFunc*)
                0x2000002c                        . = ALIGN (0x4)
 *fill*         0x20000029        0x3 
                0x2000002c                        _edata = .

.igot.plt       0x2000002c        0x0 load address 0x08003a6c
 .igot.plt      0x2000002c        0x0 C:/ST/STM32CubeIDE_1.16.0/STM32CubeIDE/plugins/com.st.stm32cube.ide.mcu.externaltools.gnu-tools-for-stm32.12.3.rel1.win32_1.0.200.202406191623/tools/bin/../lib/gcc/arm-none-eabi/12.3.1/thumb/v7e-m+fp/hard/crtbegin.o
                0x2000002c                        . = ALIGN (0x4)

.bss            0x2000002c      0x1c0 load address 0x08003a6c
                0x2000002c                        _sbss = .
                0x2000002c                        __bss_start__ = _sbss
 *(.bss)
 .bss           0x2000002c       0x1c C:/ST/STM32CubeIDE_1.16.0/STM32CubeIDE/plugins/com.st.stm32cube.ide.mcu.externaltools.gnu-tools-for-stm32.12.3.rel1.win32_1.0.200.202406191623/tools/bin/../lib/gcc/arm-none-eabi/12.3.1/thumb/v7e-m+fp/hard/crtbegin.o
 *(.bss*)
 .bss.hspi1     0x20000048       0x58 ./Core/Src/main.o
                0x20000048                hspi1
 .bss.hdma_spi1_tx
                0x200000a0       0x60 ./Core/Src/main.o
                0x200000a0                hdma_spi1_tx
 .bss.htim1     0x20000100       0x48 ./Core/Src/main.o
                0x20000100                htim1
 .bss.htim3     0x20000148       0x48 ./Core/Src/main.o
                0x20000148                htim3
 .bss.huart2    0x20000190       0x48 ./Core/Src/main.o
                0x20000190                huart2
 .bss.matrix    0x200001d8        0xb ./Core/Src/main.o
                0x200001d8                matrix
 *fill*         0x200001e3        0x1 
 .bss.index_alphabet
                0x200001e4        0x4 ./Core/Src/main.o
                0x200001e4                index_alphabet
 .bss.uwTick    0x200001e8        0x4 ./Drivers/STM32F4xx_HAL_Driver/Src/stm32f4xx_hal.o
                0x200001e8                uwTick
 *(COMMON)
                0x200001ec                        . = ALIGN (0x4)
                0x200001ec                        _ebss = .
                0x200001ec                        __bss_end__ = _ebss

._user_heap_stack
                0x200001ec      0x604 load address 0x08003a6c
                0x200001f0                        . = ALIGN (0x8)
 *fill*         0x200001ec        0x4 
                [!provide]                        PROVIDE (end = .)
                0x200001f0                        PROVIDE (_end = .)
                0x200003f0                        . = (. + _Min_Heap_Size)
 *fill*         0x200001f0      0x200 
                0x200007f0                        . = (. + _Min_Stack_Size)
 *fill*         0x200003f0      0x400 
                0x200007f0                        . = ALIGN (0x8)

/DISCARD/
 libc.a(*)
 libm.a(*)
 libgcc.a(*)

.ARM.attributes
                0x00000000       0x30
 *(.ARM.attributes)
 .ARM.attributes
                0x00000000       0x22 C:/ST/STM32CubeIDE_1.16.0/STM32CubeIDE/plugins/com.st.stm32cube.ide.mcu.externaltools.gnu-tools-for-stm32.12.3.rel1.win32_1.0.200.202406191623/tools/bin/../lib/gcc/arm-none-eabi/12.3.1/thumb/v7e-m+fp/hard/crti.o
 .ARM.attributes
                0x00000022       0x34 C:/ST/STM32CubeIDE_1.16.0/STM32CubeIDE/plugins/com.st.stm32cube.ide.mcu.externaltools.gnu-tools-for-stm32.12.3.rel1.win32_1.0.200.202406191623/tools/bin/../lib/gcc/arm-none-eabi/12.3.1/thumb/v7e-m+fp/hard/crtbegin.o
 .ARM.attributes
                0x00000056       0x34 ./Core/Src/main.o
 .ARM.attributes
                0x0000008a       0x34 ./Core/Src/stm32f4xx_hal_msp.o
 .ARM.attributes
                0x000000be       0x34 ./Core/Src/stm32f4xx_it.o
 .ARM.attributes
                0x000000f2       0x34 ./Core/Src/system_stm32f4xx.o
 .ARM.attributes
                0x00000126       0x21 ./Core/Startup/startup_stm32f401retx.o
 .ARM.attributes
                0x00000147       0x34 ./Drivers/STM32F4xx_HAL_Driver/Src/stm32f4xx_hal.o
 .ARM.attributes
                0x0000017b       0x34 ./Drivers/STM32F4xx_HAL_Driver/Src/stm32f4xx_hal_cortex.o
 .ARM.attributes
                0x000001af       0x34 ./Drivers/STM32F4xx_HAL_Driver/Src/stm32f4xx_hal_dma.o
 .ARM.attributes
                0x000001e3       0x34 ./Drivers/STM32F4xx_HAL_Driver/Src/stm32f4xx_hal_gpio.o
 .ARM.attributes
                0x00000217       0x34 ./Drivers/STM32F4xx_HAL_Driver/Src/stm32f4xx_hal_rcc.o
 .ARM.attributes
                0x0000024b       0x34 ./Drivers/STM32F4xx_HAL_Driver/Src/stm32f4xx_hal_spi.o
 .ARM.attributes
                0x0000027f       0x34 ./Drivers/STM32F4xx_HAL_Driver/Src/stm32f4xx_hal_tim.o
 .ARM.attributes
                0x000002b3       0x34 ./Drivers/STM32F4xx_HAL_Driver/Src/stm32f4xx_hal_tim_ex.o
 .ARM.attributes
                0x000002e7       0x34 ./Drivers/STM32F4xx_HAL_Driver/Src/stm32f4xx_hal_uart.o
 .ARM.attributes
                0x0000031b       0x34 C:/ST/STM32CubeIDE_1.16.0/STM32CubeIDE/plugins/com.st.stm32cube.ide.mcu.externaltools.gnu-tools-for-stm32.12.3.rel1.win32_1.0.200.202406191623/tools/bin/../lib/gcc/arm-none-eabi/12.3.1/../../../../arm-none-eabi/lib/thumb/v7e-m+fp/hard\libc_nano.a(libc_a-memset.o)
 .ARM.attributes
                0x0000034f       0x34 C:/ST/STM32CubeIDE_1.16.0/STM32CubeIDE/plugins/com.st.stm32cube.ide.mcu.externaltools.gnu-tools-for-stm32.12.3.rel1.win32_1.0.200.202406191623/tools/bin/../lib/gcc/arm-none-eabi/12.3.1/../../../../arm-none-eabi/lib/thumb/v7e-m+fp/hard\libc_nano.a(libc_a-init.o)
 .ARM.attributes
                0x00000383       0x22 C:/ST/STM32CubeIDE_1.16.0/STM32CubeIDE/plugins/com.st.stm32cube.ide.mcu.externaltools.gnu-tools-for-stm32.12.3.rel1.win32_1.0.200.202406191623/tools/bin/../lib/gcc/arm-none-eabi/12.3.1/thumb/v7e-m+fp/hard\libgcc.a(_aeabi_uldivmod.o)
 .ARM.attributes
                0x000003a5       0x34 C:/ST/STM32CubeIDE_1.16.0/STM32CubeIDE/plugins/com.st.stm32cube.ide.mcu.externaltools.gnu-tools-for-stm32.12.3.rel1.win32_1.0.200.202406191623/tools/bin/../lib/gcc/arm-none-eabi/12.3.1/thumb/v7e-m+fp/hard\libgcc.a(_udivmoddi4.o)
 .ARM.attributes
                0x000003d9       0x22 C:/ST/STM32CubeIDE_1.16.0/STM32CubeIDE/plugins/com.st.stm32cube.ide.mcu.externaltools.gnu-tools-for-stm32.12.3.rel1.win32_1.0.200.202406191623/tools/bin/../lib/gcc/arm-none-eabi/12.3.1/thumb/v7e-m+fp/hard\libgcc.a(_dvmd_tls.o)
 .ARM.attributes
                0x000003fb       0x22 C:/ST/STM32CubeIDE_1.16.0/STM32CubeIDE/plugins/com.st.stm32cube.ide.mcu.externaltools.gnu-tools-for-stm32.12.3.rel1.win32_1.0.200.202406191623/tools/bin/../lib/gcc/arm-none-eabi/12.3.1/thumb/v7e-m+fp/hard/crtn.o
OUTPUT(Homework_9_a.elf elf32-littlearm)
LOAD linker stubs
LOAD C:/ST/STM32CubeIDE_1.16.0/STM32CubeIDE/plugins/com.st.stm32cube.ide.mcu.externaltools.gnu-tools-for-stm32.12.3.rel1.win32_1.0.200.202406191623/tools/bin/../lib/gcc/arm-none-eabi/12.3.1/../../../../arm-none-eabi/lib/thumb/v7e-m+fp/hard\libc.a
LOAD C:/ST/STM32CubeIDE_1.16.0/STM32CubeIDE/plugins/com.st.stm32cube.ide.mcu.externaltools.gnu-tools-for-stm32.12.3.rel1.win32_1.0.200.202406191623/tools/bin/../lib/gcc/arm-none-eabi/12.3.1/../../../../arm-none-eabi/lib/thumb/v7e-m+fp/hard\libm.a
LOAD C:/ST/STM32CubeIDE_1.16.0/STM32CubeIDE/plugins/com.st.stm32cube.ide.mcu.externaltools.gnu-tools-for-stm32.12.3.rel1.win32_1.0.200.202406191623/tools/bin/../lib/gcc/arm-none-eabi/12.3.1/thumb/v7e-m+fp/hard\libgcc.a

.debug_info     0x00000000     0xe9bc
 .debug_info    0x00000000     0x1676 ./Core/Src/main.o
 .debug_info    0x00001676     0x125c ./Core/Src/stm32f4xx_hal_msp.o
 .debug_info    0x000028d2      0xa0b ./Core/Src/stm32f4xx_it.o
 .debug_info    0x000032dd      0x53e ./Core/Src/system_stm32f4xx.o
 .debug_info    0x0000381b       0x30 ./Core/Startup/startup_stm32f401retx.o
 .debug_info    0x0000384b      0x8bb ./Drivers/STM32F4xx_HAL_Driver/Src/stm32f4xx_hal.o
 .debug_info    0x00004106      0xcf6 ./Drivers/STM32F4xx_HAL_Driver/Src/stm32f4xx_hal_cortex.o
 .debug_info    0x00004dfc      0x8e6 ./Drivers/STM32F4xx_HAL_Driver/Src/stm32f4xx_hal_dma.o
 .debug_info    0x000056e2      0x6f9 ./Drivers/STM32F4xx_HAL_Driver/Src/stm32f4xx_hal_gpio.o
 .debug_info    0x00005ddb      0x8f1 ./Drivers/STM32F4xx_HAL_Driver/Src/stm32f4xx_hal_rcc.o
 .debug_info    0x000066cc     0x1530 ./Drivers/STM32F4xx_HAL_Driver/Src/stm32f4xx_hal_spi.o
 .debug_info    0x00007bfc     0x2996 ./Drivers/STM32F4xx_HAL_Driver/Src/stm32f4xx_hal_tim.o
 .debug_info    0x0000a592     0x14d4 ./Drivers/STM32F4xx_HAL_Driver/Src/stm32f4xx_hal_tim_ex.o
 .debug_info    0x0000ba66     0x2f56 ./Drivers/STM32F4xx_HAL_Driver/Src/stm32f4xx_hal_uart.o

.debug_abbrev   0x00000000     0x1edd
 .debug_abbrev  0x00000000      0x2d0 ./Core/Src/main.o
 .debug_abbrev  0x000002d0      0x25e ./Core/Src/stm32f4xx_hal_msp.o
 .debug_abbrev  0x0000052e      0x1ad ./Core/Src/stm32f4xx_it.o
 .debug_abbrev  0x000006db      0x11a ./Core/Src/system_stm32f4xx.o
 .debug_abbrev  0x000007f5       0x24 ./Core/Startup/startup_stm32f401retx.o
 .debug_abbrev  0x00000819      0x24b ./Drivers/STM32F4xx_HAL_Driver/Src/stm32f4xx_hal.o
 .debug_abbrev  0x00000a64      0x31d ./Drivers/STM32F4xx_HAL_Driver/Src/stm32f4xx_hal_cortex.o
 .debug_abbrev  0x00000d81      0x221 ./Drivers/STM32F4xx_HAL_Driver/Src/stm32f4xx_hal_dma.o
 .debug_abbrev  0x00000fa2      0x1d3 ./Drivers/STM32F4xx_HAL_Driver/Src/stm32f4xx_hal_gpio.o
 .debug_abbrev  0x00001175      0x2b6 ./Drivers/STM32F4xx_HAL_Driver/Src/stm32f4xx_hal_rcc.o
 .debug_abbrev  0x0000142b      0x276 ./Drivers/STM32F4xx_HAL_Driver/Src/stm32f4xx_hal_spi.o
 .debug_abbrev  0x000016a1      0x28b ./Drivers/STM32F4xx_HAL_Driver/Src/stm32f4xx_hal_tim.o
 .debug_abbrev  0x0000192c      0x296 ./Drivers/STM32F4xx_HAL_Driver/Src/stm32f4xx_hal_tim_ex.o
 .debug_abbrev  0x00001bc2      0x31b ./Drivers/STM32F4xx_HAL_Driver/Src/stm32f4xx_hal_uart.o

.debug_aranges  0x00000000      0xe30
 .debug_aranges
                0x00000000       0x70 ./Core/Src/main.o
 .debug_aranges
                0x00000070       0x50 ./Core/Src/stm32f4xx_hal_msp.o
 .debug_aranges
                0x000000c0       0x80 ./Core/Src/stm32f4xx_it.o
 .debug_aranges
                0x00000140       0x28 ./Core/Src/system_stm32f4xx.o
 .debug_aranges
                0x00000168       0x28 ./Core/Startup/startup_stm32f401retx.o
 .debug_aranges
                0x00000190       0xf0 ./Drivers/STM32F4xx_HAL_Driver/Src/stm32f4xx_hal.o
 .debug_aranges
                0x00000280      0x130 ./Drivers/STM32F4xx_HAL_Driver/Src/stm32f4xx_hal_cortex.o
 .debug_aranges
                0x000003b0       0x90 ./Drivers/STM32F4xx_HAL_Driver/Src/stm32f4xx_hal_dma.o
 .debug_aranges
                0x00000440       0x58 ./Drivers/STM32F4xx_HAL_Driver/Src/stm32f4xx_hal_gpio.o
 .debug_aranges
                0x00000498       0x88 ./Drivers/STM32F4xx_HAL_Driver/Src/stm32f4xx_hal_rcc.o
 .debug_aranges
                0x00000520      0x1d0 ./Drivers/STM32F4xx_HAL_Driver/Src/stm32f4xx_hal_spi.o
 .debug_aranges
                0x000006f0      0x3d0 ./Drivers/STM32F4xx_HAL_Driver/Src/stm32f4xx_hal_tim.o
 .debug_aranges
                0x00000ac0      0x168 ./Drivers/STM32F4xx_HAL_Driver/Src/stm32f4xx_hal_tim_ex.o
 .debug_aranges
                0x00000c28      0x208 ./Drivers/STM32F4xx_HAL_Driver/Src/stm32f4xx_hal_uart.o

.debug_rnglists
                0x00000000      0xb2a
 .debug_rnglists
                0x00000000       0x54 ./Core/Src/main.o
 .debug_rnglists
                0x00000054       0x3a ./Core/Src/stm32f4xx_hal_msp.o
 .debug_rnglists
                0x0000008e       0x5b ./Core/Src/stm32f4xx_it.o
 .debug_rnglists
                0x000000e9       0x1a ./Core/Src/system_stm32f4xx.o
 .debug_rnglists
                0x00000103       0x19 ./Core/Startup/startup_stm32f401retx.o
 .debug_rnglists
                0x0000011c       0xaf ./Drivers/STM32F4xx_HAL_Driver/Src/stm32f4xx_hal.o
 .debug_rnglists
                0x000001cb       0xe0 ./Drivers/STM32F4xx_HAL_Driver/Src/stm32f4xx_hal_cortex.o
 .debug_rnglists
                0x000002ab       0x70 ./Drivers/STM32F4xx_HAL_Driver/Src/stm32f4xx_hal_dma.o
 .debug_rnglists
                0x0000031b       0x3f ./Drivers/STM32F4xx_HAL_Driver/Src/stm32f4xx_hal_gpio.o
 .debug_rnglists
                0x0000035a       0x66 ./Drivers/STM32F4xx_HAL_Driver/Src/stm32f4xx_hal_rcc.o
 .debug_rnglists
                0x000003c0      0x16f ./Drivers/STM32F4xx_HAL_Driver/Src/stm32f4xx_hal_spi.o
 .debug_rnglists
                0x0000052f      0x31a ./Drivers/STM32F4xx_HAL_Driver/Src/stm32f4xx_hal_tim.o
 .debug_rnglists
                0x00000849      0x125 ./Drivers/STM32F4xx_HAL_Driver/Src/stm32f4xx_hal_tim_ex.o
 .debug_rnglists
                0x0000096e      0x1bc ./Drivers/STM32F4xx_HAL_Driver/Src/stm32f4xx_hal_uart.o

.debug_macro    0x00000000    0x16401
 .debug_macro   0x00000000      0x2d3 ./Core/Src/main.o
 .debug_macro   0x000002d3      0xab4 ./Core/Src/main.o
 .debug_macro   0x00000d87      0x2a1 ./Core/Src/main.o
 .debug_macro   0x00001028       0x2e ./Core/Src/main.o
 .debug_macro   0x00001056       0x28 ./Core/Src/main.o
 .debug_macro   0x0000107e       0x22 ./Core/Src/main.o
 .debug_macro   0x000010a0       0x8e ./Core/Src/main.o
 .debug_macro   0x0000112e       0x51 ./Core/Src/main.o
 .debug_macro   0x0000117f      0x103 ./Core/Src/main.o
 .debug_macro   0x00001282       0x6a ./Core/Src/main.o
 .debug_macro   0x000012ec      0x1df ./Core/Src/main.o
 .debug_macro   0x000014cb       0x1c ./Core/Src/main.o
 .debug_macro   0x000014e7       0x22 ./Core/Src/main.o
 .debug_macro   0x00001509       0xfb ./Core/Src/main.o
 .debug_macro   0x00001604     0x1011 ./Core/Src/main.o
 .debug_macro   0x00002615      0x11f ./Core/Src/main.o
 .debug_macro   0x00002734     0xb86c ./Core/Src/main.o
 .debug_macro   0x0000dfa0       0x6d ./Core/Src/main.o
 .debug_macro   0x0000e00d     0x369a ./Core/Src/main.o
 .debug_macro   0x000116a7      0x189 ./Core/Src/main.o
 .debug_macro   0x00011830       0x5c ./Core/Src/main.o
 .debug_macro   0x0001188c      0x416 ./Core/Src/main.o
 .debug_macro   0x00011ca2      0x9e9 ./Core/Src/main.o
 .debug_macro   0x0001268b      0x115 ./Core/Src/main.o
 .debug_macro   0x000127a0       0xf8 ./Core/Src/main.o
 .debug_macro   0x00012898       0xa5 ./Core/Src/main.o
 .debug_macro   0x0001293d      0x15f ./Core/Src/main.o
 .debug_macro   0x00012a9c      0x287 ./Core/Src/main.o
 .debug_macro   0x00012d23       0x5f ./Core/Src/main.o
 .debug_macro   0x00012d82      0x236 ./Core/Src/main.o
 .debug_macro   0x00012fb8      0x132 ./Core/Src/main.o
 .debug_macro   0x000130ea      0x264 ./Core/Src/main.o
 .debug_macro   0x0001334e       0x2e ./Core/Src/main.o
 .debug_macro   0x0001337c      0x127 ./Core/Src/main.o
 .debug_macro   0x000134a3       0x85 ./Core/Src/main.o
 .debug_macro   0x00013528       0x89 ./Core/Src/main.o
 .debug_macro   0x000135b1      0x225 ./Core/Src/main.o
 .debug_macro   0x000137d6      0x8ed ./Core/Src/main.o
 .debug_macro   0x000140c3       0x47 ./Core/Src/main.o
 .debug_macro   0x0001410a      0x2aa ./Core/Src/main.o
 .debug_macro   0x000143b4      0x126 ./Core/Src/main.o
 .debug_macro   0x000144da       0x58 ./Core/Src/main.o
 .debug_macro   0x00014532       0x61 ./Core/Src/main.o
 .debug_macro   0x00014593       0x2a ./Core/Src/main.o
 .debug_macro   0x000145bd       0x43 ./Core/Src/main.o
 .debug_macro   0x00014600       0x34 ./Core/Src/main.o
 .debug_macro   0x00014634       0x16 ./Core/Src/main.o
 .debug_macro   0x0001464a       0x43 ./Core/Src/main.o
 .debug_macro   0x0001468d       0x34 ./Core/Src/main.o
 .debug_macro   0x000146c1       0x10 ./Core/Src/main.o
 .debug_macro   0x000146d1       0x58 ./Core/Src/main.o
 .debug_macro   0x00014729       0x8e ./Core/Src/main.o
 .debug_macro   0x000147b7       0x1c ./Core/Src/main.o
 .debug_macro   0x000147d3      0x177 ./Core/Src/main.o
 .debug_macro   0x0001494a      0x369 ./Core/Src/main.o
 .debug_macro   0x00014cb3       0x10 ./Core/Src/main.o
 .debug_macro   0x00014cc3       0x35 ./Core/Src/main.o
 .debug_macro   0x00014cf8       0x20 ./Core/Src/main.o
 .debug_macro   0x00014d18      0x1e7 ./Core/Src/stm32f4xx_hal_msp.o
 .debug_macro   0x00014eff      0x1f1 ./Core/Src/stm32f4xx_it.o
 .debug_macro   0x000150f0      0x1d8 ./Core/Src/system_stm32f4xx.o
 .debug_macro   0x000152c8      0x238 ./Drivers/STM32F4xx_HAL_Driver/Src/stm32f4xx_hal.o
 .debug_macro   0x00015500      0x1d8 ./Drivers/STM32F4xx_HAL_Driver/Src/stm32f4xx_hal_cortex.o
 .debug_macro   0x000156d8      0x1de ./Drivers/STM32F4xx_HAL_Driver/Src/stm32f4xx_hal_dma.o
 .debug_macro   0x000158b6      0x1de ./Drivers/STM32F4xx_HAL_Driver/Src/stm32f4xx_hal_gpio.o
 .debug_macro   0x00015a94      0x1fc ./Drivers/STM32F4xx_HAL_Driver/Src/stm32f4xx_hal_rcc.o
 .debug_macro   0x00015c90      0x1e7 ./Drivers/STM32F4xx_HAL_Driver/Src/stm32f4xx_hal_spi.o
 .debug_macro   0x00015e77      0x1d9 ./Drivers/STM32F4xx_HAL_Driver/Src/stm32f4xx_hal_tim.o
 .debug_macro   0x00016050      0x1d8 ./Drivers/STM32F4xx_HAL_Driver/Src/stm32f4xx_hal_tim_ex.o
 .debug_macro   0x00016228      0x1d9 ./Drivers/STM32F4xx_HAL_Driver/Src/stm32f4xx_hal_uart.o

.debug_line     0x00000000     0xfbd0
 .debug_line    0x00000000      0xb34 ./Core/Src/main.o
 .debug_line    0x00000b34      0x889 ./Core/Src/stm32f4xx_hal_msp.o
 .debug_line    0x000013bd      0x888 ./Core/Src/stm32f4xx_it.o
 .debug_line    0x00001c45      0x7ea ./Core/Src/system_stm32f4xx.o
 .debug_line    0x0000242f       0x7a ./Core/Startup/startup_stm32f401retx.o
 .debug_line    0x000024a9      0xa53 ./Drivers/STM32F4xx_HAL_Driver/Src/stm32f4xx_hal.o
 .debug_line    0x00002efc      0xd45 ./Drivers/STM32F4xx_HAL_Driver/Src/stm32f4xx_hal_cortex.o
 .debug_line    0x00003c41      0xfc3 ./Drivers/STM32F4xx_HAL_Driver/Src/stm32f4xx_hal_dma.o
 .debug_line    0x00004c04      0xba3 ./Drivers/STM32F4xx_HAL_Driver/Src/stm32f4xx_hal_gpio.o
 .debug_line    0x000057a7      0xdde ./Drivers/STM32F4xx_HAL_Driver/Src/stm32f4xx_hal_rcc.o
 .debug_line    0x00006585     0x1d71 ./Drivers/STM32F4xx_HAL_Driver/Src/stm32f4xx_hal_spi.o
 .debug_line    0x000082f6     0x35d1 ./Drivers/STM32F4xx_HAL_Driver/Src/stm32f4xx_hal_tim.o
 .debug_line    0x0000b8c7     0x19e4 ./Drivers/STM32F4xx_HAL_Driver/Src/stm32f4xx_hal_tim_ex.o
 .debug_line    0x0000d2ab     0x2925 ./Drivers/STM32F4xx_HAL_Driver/Src/stm32f4xx_hal_uart.o

.debug_str      0x00000000    0x8eb0e
 .debug_str     0x00000000    0x8ba80 ./Core/Src/main.o
                              0x8be1b (size before relaxing)
 .debug_str     0x0008ba80      0x110 ./Core/Src/stm32f4xx_hal_msp.o
                              0x8893a (size before relaxing)
 .debug_str     0x0008bb90      0x153 ./Core/Src/stm32f4xx_it.o
                              0x88255 (size before relaxing)
 .debug_str     0x0008bce3       0xdb ./Core/Src/system_stm32f4xx.o
                              0x87a8d (size before relaxing)
 .debug_str     0x0008bdbe       0x44 ./Core/Startup/startup_stm32f401retx.o
                                 0x95 (size before relaxing)
 .debug_str     0x0008be02      0x5f0 ./Drivers/STM32F4xx_HAL_Driver/Src/stm32f4xx_hal.o
                              0x884af (size before relaxing)
 .debug_str     0x0008c3f2      0x36b ./Drivers/STM32F4xx_HAL_Driver/Src/stm32f4xx_hal_cortex.o
                              0x88219 (size before relaxing)
 .debug_str     0x0008c75d      0x2e6 ./Drivers/STM32F4xx_HAL_Driver/Src/stm32f4xx_hal_dma.o
                              0x87e95 (size before relaxing)
 .debug_str     0x0008ca43      0x121 ./Drivers/STM32F4xx_HAL_Driver/Src/stm32f4xx_hal_gpio.o
                              0x87c08 (size before relaxing)
 .debug_str     0x0008cb64      0x233 ./Drivers/STM32F4xx_HAL_Driver/Src/stm32f4xx_hal_rcc.o
                              0x87ec1 (size before relaxing)
 .debug_str     0x0008cd97      0x53f ./Drivers/STM32F4xx_HAL_Driver/Src/stm32f4xx_hal_spi.o
                              0x88339 (size before relaxing)
 .debug_str     0x0008d2d6      0xd9d ./Drivers/STM32F4xx_HAL_Driver/Src/stm32f4xx_hal_tim.o
                              0x88e05 (size before relaxing)
 .debug_str     0x0008e073      0x493 ./Drivers/STM32F4xx_HAL_Driver/Src/stm32f4xx_hal_tim_ex.o
                              0x88611 (size before relaxing)
 .debug_str     0x0008e506      0x608 ./Drivers/STM32F4xx_HAL_Driver/Src/stm32f4xx_hal_uart.o
                              0x88490 (size before relaxing)

.comment        0x00000000       0x43
 .comment       0x00000000       0x43 ./Core/Src/main.o
                                 0x44 (size before relaxing)
 .comment       0x00000043       0x44 ./Core/Src/stm32f4xx_hal_msp.o
 .comment       0x00000043       0x44 ./Core/Src/stm32f4xx_it.o
 .comment       0x00000043       0x44 ./Core/Src/system_stm32f4xx.o
 .comment       0x00000043       0x44 ./Drivers/STM32F4xx_HAL_Driver/Src/stm32f4xx_hal.o
 .comment       0x00000043       0x44 ./Drivers/STM32F4xx_HAL_Driver/Src/stm32f4xx_hal_cortex.o
 .comment       0x00000043       0x44 ./Drivers/STM32F4xx_HAL_Driver/Src/stm32f4xx_hal_dma.o
 .comment       0x00000043       0x44 ./Drivers/STM32F4xx_HAL_Driver/Src/stm32f4xx_hal_gpio.o
 .comment       0x00000043       0x44 ./Drivers/STM32F4xx_HAL_Driver/Src/stm32f4xx_hal_rcc.o
 .comment       0x00000043       0x44 ./Drivers/STM32F4xx_HAL_Driver/Src/stm32f4xx_hal_spi.o
 .comment       0x00000043       0x44 ./Drivers/STM32F4xx_HAL_Driver/Src/stm32f4xx_hal_tim.o
 .comment       0x00000043       0x44 ./Drivers/STM32F4xx_HAL_Driver/Src/stm32f4xx_hal_tim_ex.o
 .comment       0x00000043       0x44 ./Drivers/STM32F4xx_HAL_Driver/Src/stm32f4xx_hal_uart.o

.debug_frame    0x00000000     0x3c70
 .debug_frame   0x00000000      0x174 ./Core/Src/main.o
 .debug_frame   0x00000174      0x10c ./Core/Src/stm32f4xx_hal_msp.o
 .debug_frame   0x00000280      0x174 ./Core/Src/stm32f4xx_it.o
 .debug_frame   0x000003f4       0x58 ./Core/Src/system_stm32f4xx.o
 .debug_frame   0x0000044c      0x374 ./Drivers/STM32F4xx_HAL_Driver/Src/stm32f4xx_hal.o
 .debug_frame   0x000007c0      0x508 ./Drivers/STM32F4xx_HAL_Driver/Src/stm32f4xx_hal_cortex.o
 .debug_frame   0x00000cc8      0x250 ./Drivers/STM32F4xx_HAL_Driver/Src/stm32f4xx_hal_dma.o
 .debug_frame   0x00000f18      0x14c ./Drivers/STM32F4xx_HAL_Driver/Src/stm32f4xx_hal_gpio.o
 .debug_frame   0x00001064      0x1f4 ./Drivers/STM32F4xx_HAL_Driver/Src/stm32f4xx_hal_rcc.o
 .debug_frame   0x00001258      0x828 ./Drivers/STM32F4xx_HAL_Driver/Src/stm32f4xx_hal_spi.o
 .debug_frame   0x00001a80     0x11b8 ./Drivers/STM32F4xx_HAL_Driver/Src/stm32f4xx_hal_tim.o
 .debug_frame   0x00002c38      0x638 ./Drivers/STM32F4xx_HAL_Driver/Src/stm32f4xx_hal_tim_ex.o
 .debug_frame   0x00003270      0x954 ./Drivers/STM32F4xx_HAL_Driver/Src/stm32f4xx_hal_uart.o
 .debug_frame   0x00003bc4       0x20 C:/ST/STM32CubeIDE_1.16.0/STM32CubeIDE/plugins/com.st.stm32cube.ide.mcu.externaltools.gnu-tools-for-stm32.12.3.rel1.win32_1.0.200.202406191623/tools/bin/../lib/gcc/arm-none-eabi/12.3.1/../../../../arm-none-eabi/lib/thumb/v7e-m+fp/hard\libc_nano.a(libc_a-memset.o)
 .debug_frame   0x00003be4       0x2c C:/ST/STM32CubeIDE_1.16.0/STM32CubeIDE/plugins/com.st.stm32cube.ide.mcu.externaltools.gnu-tools-for-stm32.12.3.rel1.win32_1.0.200.202406191623/tools/bin/../lib/gcc/arm-none-eabi/12.3.1/../../../../arm-none-eabi/lib/thumb/v7e-m+fp/hard\libc_nano.a(libc_a-init.o)
 .debug_frame   0x00003c10       0x2c C:/ST/STM32CubeIDE_1.16.0/STM32CubeIDE/plugins/com.st.stm32cube.ide.mcu.externaltools.gnu-tools-for-stm32.12.3.rel1.win32_1.0.200.202406191623/tools/bin/../lib/gcc/arm-none-eabi/12.3.1/thumb/v7e-m+fp/hard\libgcc.a(_aeabi_uldivmod.o)
 .debug_frame   0x00003c3c       0x34 C:/ST/STM32CubeIDE_1.16.0/STM32CubeIDE/plugins/com.st.stm32cube.ide.mcu.externaltools.gnu-tools-for-stm32.12.3.rel1.win32_1.0.200.202406191623/tools/bin/../lib/gcc/arm-none-eabi/12.3.1/thumb/v7e-m+fp/hard\libgcc.a(_udivmoddi4.o)

.debug_line_str
                0x00000000       0x79
 .debug_line_str
                0x00000000       0x79 ./Core/Startup/startup_stm32f401retx.o
