../Core/Src/main.c:98:6:ChangeLetter	4	static
../Core/Src/main.c:117:6:HAL_TIM_PeriodElapsedCallback	16	static
../Core/Src/main.c:145:5:main	8	static
../Core/Src/main.c:203:6:SystemClock_Config	88	static
../Core/Src/main.c:250:13:MX_SPI1_Init	8	static
../Core/Src/main.c:288:13:MX_TIM1_Init	32	static
../Core/Src/main.c:334:13:MX_TIM3_Init	32	static
../Core/Src/main.c:379:13:MX_USART2_UART_Init	8	static
../Core/Src/main.c:410:13:MX_DMA_Init	16	static
../Core/Src/main.c:428:13:MX_GPIO_Init	48	static
../Core/Src/main.c:468:6:Error_Handler	4	static,ignoring_inline_asm
